Update 1 - Tue Mar  3 04:49:26 UTC 2026
Update 1 - Tue Mar  3 04:51:24 UTC 2026
Update 1 - Tue Mar  3 10:38:40 UTC 2026
Update 2 - Tue Mar  3 10:38:40 UTC 2026
Update 3 - Tue Mar  3 10:38:40 UTC 2026
Update 4 - Tue Mar  3 10:38:40 UTC 2026
Update 1 - Wed Mar  4 00:07:23 WIB 2026
Update 2 - Wed Mar  4 00:07:23 WIB 2026
Update 3 - Wed Mar  4 00:07:23 WIB 2026
Update 1 - Wed Mar  4 17:36:09 WIB 2026
Update 2 - Wed Mar  4 17:36:09 WIB 2026
Update 1 - Thu Mar  5 17:38:21 WIB 2026
Update 1 - Fri Mar  6 17:34:52 WIB 2026
Update 1 - Sat Mar  7 17:23:29 WIB 2026
Update 1 - Sun Mar  8 17:25:09 WIB 2026
Update 1 - Mon Mar  9 17:44:46 WIB 2026
Update 2 - Mon Mar  9 17:44:46 WIB 2026
Update 1 - Tue Mar 10 17:38:46 WIB 2026
Update 1 - Wed Mar 11 17:39:02 WIB 2026
Update 2 - Wed Mar 11 17:39:02 WIB 2026
Update 3 - Wed Mar 11 17:39:02 WIB 2026
Update 4 - Wed Mar 11 17:39:02 WIB 2026
Update 1 - Thu Mar 12 17:38:27 WIB 2026
Update 2 - Thu Mar 12 17:38:27 WIB 2026
Update 1 - Fri Mar 13 12:01:31 WIB 2026
Update 2 - Fri Mar 13 12:18:20 WIB 2026
Update 3 - Fri Mar 13 12:29:59 WIB 2026
Update 4 - Fri Mar 13 12:44:50 WIB 2026
Update 5 - Fri Mar 13 13:02:50 WIB 2026
Update 6 - Fri Mar 13 13:23:21 WIB 2026
Update 7 - Fri Mar 13 13:39:25 WIB 2026
Update 8 - Fri Mar 13 14:07:36 WIB 2026
Update 9 - Fri Mar 13 14:16:06 WIB 2026
Update 10 - Fri Mar 13 14:36:45 WIB 2026
